<!doctype html>
<html lang="ru">
<head></head>
<body>
<div id="welcome-page" class="welcome-msg"><span class='processing'></span>Загрузка приложений</div>
<p>Ошибка, попробуйте снова.</p>
<p></p>
</body>
</html>