<!doctype html>
<html lang="en">
<head></head>
<body>
<div id="welcome-page" class="welcome-msg"><span class='processing'></span>Loading App...</div>
<p>load fail,try again.</p>
<p></p>
</body>
</html>